nothing added to commit but untracked files present (use "git add" to track)
PS C:\Users\RSC\Documents\work\Github-for-devops-workshop> git switch dev
Switched to branch 'dev'
PS C:\Users\RSC\Documents\work\Github-for-devops-workshop> git status
On branch dev
Untracked files:
  (use "git add <file>..." to include in what will be committed)
        newfd/